BL51 BANKED LINKER/LOCATER V6.22.2.0                                                    05/03/2023  21:44:22  PAGE 1


BL51 BANKED LINKER/LOCATER V6.22.2.0, INVOKED BY:
D:\KEIL_V5\C51\BIN\BL51.EXE .\Objects\STARTUP.obj, .\Objects\main.obj TO .\Objects\project1 PRINT (.\Listings\project1.m
>> 51) RAMSIZE (256)


MEMORY MODEL: SMALL


INPUT MODULES INCLUDED:
  .\Objects\STARTUP.obj (?C_STARTUP)
  .\Objects\main.obj (MAIN)


LINK MAP OF MODULE:  .\Objects\project1 (?C_STARTUP)


            TYPE    BASE      LENGTH    RELOCATION   SEGMENT NAME
            -----------------------------------------------------

            * * * * * * *   D A T A   M E M O R Y   * * * * * * *
            REG     0000H     0008H     ABSOLUTE     "REG BANK 0"
            IDATA   0008H     0001H     UNIT         ?STACK

            * * * * * * *   C O D E   M E M O R Y   * * * * * * *
            CODE    0000H     0003H     ABSOLUTE     
            CODE    0003H     0014H     UNIT         ?PR?MAIN?MAIN
            CODE    0017H     000CH     UNIT         ?C_C51STARTUP
            CODE    0023H     0005H     UNIT         ?PR?DIANJI1?MAIN
            CODE    0028H     0005H     UNIT         ?PR?DIANJI2?MAIN



OVERLAY MAP OF MODULE:   .\Objects\project1 (?C_STARTUP)


SEGMENT
  +--> CALLED SEGMENT
---------------------
?C_C51STARTUP
  +--> ?PR?MAIN?MAIN

?PR?MAIN?MAIN
  +--> ?PR?DIANJI1?MAIN
  +--> ?PR?DIANJI2?MAIN



SYMBOL TABLE OF MODULE:  .\Objects\project1 (?C_STARTUP)

  VALUE           TYPE          NAME
  ----------------------------------

  -------         MODULE        ?C_STARTUP
  C:0017H         SEGMENT       ?C_C51STARTUP
  I:0008H         SEGMENT       ?STACK
  C:0000H         PUBLIC        ?C_STARTUP
  D:00E0H         SYMBOL        ACC
  D:00F0H         SYMBOL        B
BL51 BANKED LINKER/LOCATER V6.22.2.0                                                  05/03/2023  21:44:22  PAGE 2


  D:0083H         SYMBOL        DPH
  D:0082H         SYMBOL        DPL
  N:0000H         SYMBOL        IBPSTACK
  N:0100H         SYMBOL        IBPSTACKTOP
  N:0080H         SYMBOL        IDATALEN
  C:001AH         SYMBOL        IDATALOOP
  N:0000H         SYMBOL        PBPSTACK
  N:0100H         SYMBOL        PBPSTACKTOP
  N:0000H         SYMBOL        PDATALEN
  N:0000H         SYMBOL        PDATASTART
  N:0000H         SYMBOL        PPAGE
  N:0000H         SYMBOL        PPAGEENABLE
  D:00A0H         SYMBOL        PPAGE_SFR
  D:0081H         SYMBOL        SP
  C:0017H         SYMBOL        STARTUP1
  N:0000H         SYMBOL        XBPSTACK
  N:0000H         SYMBOL        XBPSTACKTOP
  N:0000H         SYMBOL        XDATALEN
  N:0000H         SYMBOL        XDATASTART
  C:0000H         LINE#         126
  C:0017H         LINE#         133
  C:0019H         LINE#         134
  C:001AH         LINE#         135
  C:001BH         LINE#         136
  C:001DH         LINE#         185
  C:0020H         LINE#         196
  -------         ENDMOD        ?C_STARTUP

  -------         MODULE        MAIN
  C:0000H         SYMBOL        _ICE_DUMMY_
  D:0080H         PUBLIC        P0
  D:0090H         PUBLIC        P1
  D:00B0H         PUBLIC        P3
  B:0090H.0       PUBLIC        X1
  D:00A8H         PUBLIC        IE
  D:00B8H         PUBLIC        IP
  C:0023H         PUBLIC        dianji1
  C:0028H         PUBLIC        dianji2
  C:0003H         PUBLIC        main
  D:0098H         PUBLIC        SCON
  D:0088H         PUBLIC        TCON
  B:0080H.1       PUBLIC        IN1
  B:0080H.2       PUBLIC        IN2
  B:00B0H.4       PUBLIC        LED
  D:00C8H         PUBLIC        T2CON
  D:00D0H         PUBLIC        PSW
  -------         PROC          DIANJI1
  C:0023H         LINE#         7
  C:0023H         LINE#         8
  C:0023H         LINE#         9
  C:0025H         LINE#         10
  C:0027H         LINE#         11
  -------         ENDPROC       DIANJI1
  -------         PROC          DIANJI2
  C:0028H         LINE#         13
  C:0028H         LINE#         14
  C:0028H         LINE#         15
BL51 BANKED LINKER/LOCATER V6.22.2.0                                                  05/03/2023  21:44:22  PAGE 3


  C:002AH         LINE#         16
  C:002CH         LINE#         17
  -------         ENDPROC       DIANJI2
  -------         PROC          MAIN
  C:0003H         LINE#         20
  C:0003H         LINE#         21
  C:0003H         LINE#         22
  C:0003H         LINE#         23
  C:0003H         LINE#         25
  C:0006H         LINE#         26
  C:0006H         LINE#         27
  C:0008H         LINE#         28
  C:000BH         LINE#         29
  C:000DH         LINE#         30
  C:0010H         LINE#         31
  C:0010H         LINE#         32
  C:0012H         LINE#         33
  C:0015H         LINE#         34
  C:0015H         LINE#         36
  -------         ENDPROC       MAIN
  -------         ENDMOD        MAIN

Program Size: data=9.0 xdata=0 code=45
LINK/LOCATE RUN COMPLETE.  0 WARNING(S),  0 ERROR(S)
